<?xml version="1.0" encoding="UTF-8"?>
<testsuites name="jest tests" tests="4" failures="1" errors="0" time="7.075">
  <testsuite name="AuthController" errors="0" failures="1" skipped="0" timestamp="2025-03-29T11:25:51" time="1.806" tests="1">
    <testcase classname="AuthController loginUser should login user successfully with correct credentials" name="AuthController loginUser should login user successfully with correct credentials" time="0.003">
      <failure>TypeError: jwt.sign.mockReturnValue is not a function
    at Object.mockReturnValue (C:\Users\althe\Documents\codes\SE2-KVC-Backend\tests\controllers\authController.test.js:56:16)
    at Promise.then.completed (C:\Users\althe\Documents\codes\SE2-KVC-Backend\node_modules\jest-circus\build\utils.js:298:28)
    at new Promise (&lt;anonymous&gt;)
    at callAsyncCircusFn (C:\Users\althe\Documents\codes\SE2-KVC-Backend\node_modules\jest-circus\build\utils.js:231:10)
    at _callCircusTest (C:\Users\althe\Documents\codes\SE2-KVC-Backend\node_modules\jest-circus\build\run.js:316:40)
    at _runTest (C:\Users\althe\Documents\codes\SE2-KVC-Backend\node_modules\jest-circus\build\run.js:252:3)
    at _runTestsForDescribeBlock (C:\Users\althe\Documents\codes\SE2-KVC-Backend\node_modules\jest-circus\build\run.js:126:9)
    at _runTestsForDescribeBlock (C:\Users\althe\Documents\codes\SE2-KVC-Backend\node_modules\jest-circus\build\run.js:121:9)
    at _runTestsForDescribeBlock (C:\Users\althe\Documents\codes\SE2-KVC-Backend\node_modules\jest-circus\build\run.js:121:9)
    at run (C:\Users\althe\Documents\codes\SE2-KVC-Backend\node_modules\jest-circus\build\run.js:71:3)
    at runAndTransformResultsToJestFormat (C:\Users\althe\Documents\codes\SE2-KVC-Backend\node_modules\jest-circus\build\legacy-code-todo-rewrite\jestAdapterInit.js:122:21)
    at jestAdapter (C:\Users\althe\Documents\codes\SE2-KVC-Backend\node_modules\jest-circus\build\legacy-code-todo-rewrite\jestAdapter.js:79:19)
    at runTestInternal (C:\Users\althe\Documents\codes\SE2-KVC-Backend\node_modules\jest-runner\build\runTest.js:367:16)
    at runTest (C:\Users\althe\Documents\codes\SE2-KVC-Backend\node_modules\jest-runner\build\runTest.js:444:34)</failure>
    </testcase>
  </testsuite>
  <testsuite name="Direct Database Connection Test" errors="0" failures="0" skipped="0" timestamp="2025-03-29T11:25:53" time="0.339" tests="1">
    <testcase classname="Direct Database Connection Test should connect to the database successfully" name="Direct Database Connection Test should connect to the database successfully" time="0.073">
    </testcase>
  </testsuite>
  <testsuite name="undefined" errors="0" failures="0" skipped="0" timestamp="2025-03-29T11:25:54" time="0.211" tests="2">
    <testcase classname=" toBe" name=" toBe" time="0.003">
    </testcase>
    <testcase classname=" toEqual" name=" toEqual" time="0.002">
    </testcase>
  </testsuite>
</testsuites>